[graygrids.com/demos/themes/margo/index.html]
[backblue.gif]
[fade.gif]
[index.html]
[graygrids.com/demos/themes/margo/asset/css/bootstrap.min.css]
[graygrids.com/demos/themes/margo/css/font-awesome.min.css]
[graygrids.com/demos/themes/margo/css/slicknav.css]
[graygrids.com/demos/themes/margo/css/style.css]
[graygrids.com/demos/themes/margo/css/responsive.css]
[graygrids.com/demos/themes/margo/css/animate.css]
[graygrids.com/demos/themes/margo/css/colors/red.css]
[graygrids.com/demos/themes/margo/css/colors/jade.css]
[graygrids.com/demos/themes/margo/css/colors/green.css]
[graygrids.com/demos/themes/margo/css/colors/blue.css]
[graygrids.com/demos/themes/margo/css/colors/beige.css]
[graygrids.com/demos/themes/margo/css/colors/cyan.css]
[graygrids.com/demos/themes/margo/css/colors/orange.css]
[graygrids.com/demos/themes/margo/css/colors/peach.css]
[graygrids.com/demos/themes/margo/css/colors/pink.css]
[graygrids.com/demos/themes/margo/css/colors/purple.css]
[graygrids.com/demos/themes/margo/css/colors/sky-blue.css]
[graygrids.com/demos/themes/margo/css/colors/yellow.css]
[graygrids.com/demos/themes/margo/js/jquery-2.1.4.min.js]
[graygrids.com/demos/themes/margo/js/jquery.migrate.js]
[graygrids.com/demos/themes/margo/js/modernizrr.js]
[graygrids.com/demos/themes/margo/asset/js/bootstrap.min.js]
[graygrids.com/demos/themes/margo/js/jquery.fitvids.js]
[graygrids.com/demos/themes/margo/js/owl.carousel.min.js]
[graygrids.com/demos/themes/margo/js/nivo-lightbox.min.js]
[graygrids.com/demos/themes/margo/js/jquery.isotope.min.js]
[graygrids.com/demos/themes/margo/js/jquery.appear.js]
[graygrids.com/demos/themes/margo/js/count-to.js]
[graygrids.com/demos/themes/margo/js/jquery.textillate.js]
[graygrids.com/demos/themes/margo/js/jquery.lettering.js]
[graygrids.com/demos/themes/margo/js/jquery.easypiechart.min.js]
[graygrids.com/demos/themes/margo/js/jquery.nicescroll.min.js]
[graygrids.com/demos/themes/margo/js/jquery.parallax.js]
[graygrids.com/demos/themes/margo/js/mediaelement-and-player.js]
[graygrids.com/demos/themes/margo/js/jquery.slicknav.js]
[graygrids.com/demos/themes/margo/index-2.html]
[graygrids.com/demos/themes/margo/images/margo.png]
[graygrids.com/demos/themes/margo/index-01.html]
[graygrids.com/demos/themes/margo/index-02.html]
[graygrids.com/demos/themes/margo/index-03.html]
[graygrids.com/demos/themes/margo/index-04.html]
[graygrids.com/demos/themes/margo/index-05.html]
[graygrids.com/demos/themes/margo/index-06.html]
[graygrids.com/demos/themes/margo/index-07.html]
[graygrids.com/demos/themes/margo/about.html]
[graygrids.com/demos/themes/margo/services.html]
[graygrids.com/demos/themes/margo/right-sidebar.html]
[graygrids.com/demos/themes/margo/left-sidebar.html]
[graygrids.com/demos/themes/margo/404.html]
[graygrids.com/demos/themes/margo/tabs.html]
[graygrids.com/demos/themes/margo/buttons.html]
[graygrids.com/demos/themes/margo/action-box.html]
[graygrids.com/demos/themes/margo/testimonials.html]
[graygrids.com/demos/themes/margo/latest-posts.html]
[graygrids.com/demos/themes/margo/latest-projects.html]
[graygrids.com/demos/themes/margo/pricing.html]
[graygrids.com/demos/themes/margo/accordion-toggles.html]
[graygrids.com/demos/themes/margo/portfolio-3.html]
[graygrids.com/demos/themes/margo/portfolio-2.html]
[graygrids.com/demos/themes/margo/portfolio-4.html]
[graygrids.com/demos/themes/margo/single-project.html]
[graygrids.com/demos/themes/margo/blog.html]
[graygrids.com/demos/themes/margo/blog-left-sidebar.html]
[graygrids.com/demos/themes/margo/single-post.html]
[graygrids.com/demos/themes/margo/contact.html]
[graygrids.com/demos/themes/margo/images/slider/bg1.jpg]
[graygrids.com/demos/themes/margo/images/slider/bg2.jpg]
[graygrids.com/demos/themes/margo/images/slider/bg3.jpg]
[graygrids.com/demos/themes/margo/images/portfolio-1/1.png]
[graygrids.com/demos/themes/margo/images/portfolio-1/2.png]
[graygrids.com/demos/themes/margo/images/portfolio-1/3.png]
[graygrids.com/demos/themes/margo/images/portfolio-1/4.png]
[graygrids.com/demos/themes/margo/images/portfolio-1/5.png]
[graygrids.com/demos/themes/margo/images/portfolio-1/6.png]
[graygrids.com/demos/themes/margo/images/portfolio-1/7.png]
[graygrids.com/demos/themes/margo/images/portfolio-1/8.png]
[graygrids.com/demos/themes/margo/images/portfolio-1/9.png]
[graygrids.com/demos/themes/margo/images/portfolio-1/10.png]
[graygrids.com/demos/themes/margo/images/portfolio-1/11.png]
[graygrids.com/demos/themes/margo/images/portfolio-1/12.png]
[graygrids.com/demos/themes/margo/images/team/face_1.png]
[graygrids.com/demos/themes/margo/images/team/face_2.png]
[graygrids.com/demos/themes/margo/images/team/face_3.png]
[graygrids.com/demos/themes/margo/images/team/face_4.png]
[graygrids.com/demos/themes/margo/images/parallax/bg-02.jpg]
[graygrids.com/demos/themes/margo/images/c1.png]
[graygrids.com/demos/themes/margo/images/c2.png]
[graygrids.com/demos/themes/margo/images/c3.png]
[graygrids.com/demos/themes/margo/images/c4.png]
[graygrids.com/demos/themes/margo/images/c5.png]
[graygrids.com/demos/themes/margo/images/c6.png]
[graygrids.com/demos/themes/margo/images/c7.png]
[graygrids.com/demos/themes/margo/images/c8.png]
[graygrids.com/demos/themes/margo/images/flickr-01.jpg]
[graygrids.com/demos/themes/margo/images/flickr-02.jpg]
[graygrids.com/demos/themes/margo/images/flickr-03.jpg]
[graygrids.com/demos/themes/margo/images/flickr-04.jpg]
[graygrids.com/demos/themes/margo/images/flickr-05.jpg]
[graygrids.com/demos/themes/margo/images/flickr-06.jpg]
[graygrids.com/demos/themes/margo/images/flickr-07.jpg]
[graygrids.com/demos/themes/margo/images/flickr-08.jpg]
[graygrids.com/demos/themes/margo/images/flickr-09.jpg]
[graygrids.com/demos/themes/margo/images/footer-margo.png]
[graygrids.com/demos/themes/margo/index.html]
[graygrids.com/demos/themes/margo/js/script.js]
[graygrids.com/demos/themes/margo/asset/fonts/glyphicons-halflings-regular.eot]
[graygrids.com/demos/themes/margo/asset/fonts/glyphicons-halflings-regulard41d.eot]
[graygrids.com/demos/themes/margo/asset/fonts/glyphicons-halflings-regular.woff]
[graygrids.com/demos/themes/margo/asset/fonts/glyphicons-halflings-regular.ttf]
[graygrids.com/demos/themes/margo/asset/fonts/glyphicons-halflings-regular.svg]
[graygrids.com/demos/themes/margo/asset/css/bootstrap.min.css]
[graygrids.com/demos/themes/margo/fonts/fontawesome-webfont93e3.eot]
[graygrids.com/demos/themes/margo/fonts/fontawesome-webfontd41d.eot]
[graygrids.com/demos/themes/margo/fonts/fontawesome-webfont93e3.woff2]
[graygrids.com/demos/themes/margo/fonts/fontawesome-webfont93e3.woff]
[graygrids.com/demos/themes/margo/fonts/fontawesome-webfont93e3.ttf]
[graygrids.com/demos/themes/margo/css/font-awesome.min.css]
[graygrids.com/demos/themes/margo/css/slicknav.css]
[graygrids.com/demos/themes/margo/fonts/fontawesome-webfont93e3.svg]
[graygrids.com/demos/themes/margo/images/patterns/1.png]
[graygrids.com/demos/themes/margo/images/slide-02-bg.jpg]
[graygrids.com/demos/themes/margo/images/map.png]
[graygrids.com/demos/themes/margo/images/lightbox/loading.gif]
[graygrids.com/demos/themes/margo/images/lightbox/prev.png]
[graygrids.com/demos/themes/margo/images/lightbox/next.png]
[graygrids.com/demos/themes/margo/images/lightbox/close.png]
[graygrids.com/demos/themes/margo/images/lightbox/loading@2x.gif]
[graygrids.com/demos/themes/margo/images/lightbox/prev@2x.png]
[graygrids.com/demos/themes/margo/images/lightbox/next@2x.png]
[graygrids.com/demos/themes/margo/images/lightbox/close@2x.png]
[graygrids.com/demos/themes/margo/images/icons/grabbing.png]
[graygrids.com/demos/themes/margo/images/icons/ajaxloader.gif]
[graygrids.com/demos/themes/margo/images/patterns/2.png]
[graygrids.com/demos/themes/margo/images/patterns/3.png]
[graygrids.com/demos/themes/margo/images/patterns/4.png]
[graygrids.com/demos/themes/margo/images/patterns/5.png]
[graygrids.com/demos/themes/margo/images/patterns/6.png]
[graygrids.com/demos/themes/margo/images/patterns/7.png]
[graygrids.com/demos/themes/margo/images/patterns/8.png]
[graygrids.com/demos/themes/margo/images/patterns/9.png]
[graygrids.com/demos/themes/margo/images/patterns/10.png]
[graygrids.com/demos/themes/margo/images/patterns/11.png]
[graygrids.com/demos/themes/margo/images/patterns/12.png]
[graygrids.com/demos/themes/margo/images/patterns/13.png]
[graygrids.com/demos/themes/margo/images/patterns/14.png]
[graygrids.com/demos/themes/margo/images/icons/switcher.png]
[graygrids.com/demos/themes/margo/images/parallax/bg-01.jpg]
[graygrids.com/demos/themes/margo/css/style.css]
[graygrids.com/demos/themes/margo/css/responsive.css]
[graygrids.com/demos/themes/margo/css/animate.css]
[graygrids.com/demos/themes/margo/css/colors/red.css]
[graygrids.com/demos/themes/margo/css/colors/jade.css]
[graygrids.com/demos/themes/margo/css/colors/green.css]
[graygrids.com/demos/themes/margo/css/colors/blue.css]
[graygrids.com/demos/themes/margo/css/colors/beige.css]
[graygrids.com/demos/themes/margo/css/colors/cyan.css]
[graygrids.com/demos/themes/margo/css/colors/orange.css]
[graygrids.com/demos/themes/margo/css/colors/peach.css]
[graygrids.com/demos/themes/margo/css/colors/pink.css]
[graygrids.com/demos/themes/margo/css/colors/purple.css]
[graygrids.com/demos/themes/margo/css/colors/sky-blue.css]
[graygrids.com/demos/themes/margo/css/colors/yellow.css]
[graygrids.com/demos/themes/margo/index-2.html]
[graygrids.com/demos/themes/margo/images/portfolio-big-01.jpg]
[graygrids.com/demos/themes/margo/images/portfolio-big-02.jpg]
[graygrids.com/demos/themes/margo/images/portfolio-big-03.jpg]
[graygrids.com/demos/themes/margo/index-01.html]
[graygrids.com/demos/themes/margo/index-02.html]
[graygrids.com/demos/themes/margo/index-03.html]
[graygrids.com/demos/themes/margo/index-04.html]
[graygrids.com/demos/themes/margo/index-05.html]
[graygrids.com/demos/themes/margo/index-06.html]
[graygrids.com/demos/themes/margo/index-07.html]
[graygrids.com/demos/themes/margo/images/about-01.jpg]
[graygrids.com/demos/themes/margo/images/about-02.jpg]
[graygrids.com/demos/themes/margo/images/about-03.jpg]
[graygrids.com/demos/themes/margo/images/bussniss-pic.jpg]
[graygrids.com/demos/themes/margo/about.html]
[graygrids.com/demos/themes/margo/images/service-01.jpg]
[graygrids.com/demos/themes/margo/images/service-02.jpg]
[graygrids.com/demos/themes/margo/images/service-03.jpg]
[graygrids.com/demos/themes/margo/services.html]
[graygrids.com/demos/themes/margo/images/blog-mini-01.jpg]
[graygrids.com/demos/themes/margo/images/blog-mini-02.jpg]
[graygrids.com/demos/themes/margo/images/blog-mini-03.jpg]
[graygrids.com/demos/themes/margo/right-sidebar.html]
[graygrids.com/demos/themes/margo/left-sidebar.html]
[graygrids.com/demos/themes/margo/404.html]
[graygrids.com/demos/themes/margo/tabs.html]
[graygrids.com/demos/themes/margo/buttons.html]
[graygrids.com/demos/themes/margo/action-box.html]
[graygrids.com/demos/themes/margo/testimonials.html]
[graygrids.com/demos/themes/margo/latest-posts.html]
[graygrids.com/demos/themes/margo/images/portfolio-01.jpg]
[graygrids.com/demos/themes/margo/images/portfolio-02.jpg]
[graygrids.com/demos/themes/margo/images/portfolio-03.jpg]
[graygrids.com/demos/themes/margo/images/portfolio-04.jpg]
[graygrids.com/demos/themes/margo/images/portfolio-05.jpg]
[graygrids.com/demos/themes/margo/images/portfolio-06.jpg]
[graygrids.com/demos/themes/margo/images/portfolio-07.jpg]
[graygrids.com/demos/themes/margo/images/portfolio-08.jpg]
[graygrids.com/demos/themes/margo/latest-projects.html]
[graygrids.com/demos/themes/margo/pricing.html]
[graygrids.com/demos/themes/margo/accordion-toggles.html]
[graygrids.com/demos/themes/margo/portfolio-3.html]
[graygrids.com/demos/themes/margo/portfolio-2.html]
[graygrids.com/demos/themes/margo/portfolio-4.html]
[graygrids.com/demos/themes/margo/single-project.html]
[graygrids.com/demos/themes/margo/images/blog-01.jpg]
[graygrids.com/demos/themes/margo/images/blog-05.jpg]
[graygrids.com/demos/themes/margo/images/blog-02.jpg]
[graygrids.com/demos/themes/margo/images/blog-03.jpg]
[graygrids.com/demos/themes/margo/images/blog-04.jpg]
[graygrids.com/demos/themes/margo/blog.html]
[graygrids.com/demos/themes/margo/blog-left-sidebar.html]
[graygrids.com/demos/themes/margo/images/author.png]
[graygrids.com/demos/themes/margo/images/avatar.png]
[graygrids.com/demos/themes/margo/single-post.html]
[graygrids.com/demos/themes/margo/contact.html]
[graygrids.com/demos/themes/margo/asset/fonts/glyphicons-halflings-regular.html]
[graygrids.com/demos/themes/margo/asset/fonts/glyphicons-halflings-regulard41d.html]
[graygrids.com/demos/themes/margo/asset/fonts/glyphicons-halflings-regular-2.html]
[graygrids.com/demos/themes/margo/asset/fonts/glyphicons-halflings-regular-3.html]
[graygrids.com/demos/themes/margo/asset/fonts/glyphicons-halflings-regular-4.html]
[graygrids.com/demos/themes/margo/fonts/fontawesome-webfont93e3.svg]
[graygrids.com/demos/themes/margo/images/lightbox/loading.html]
[graygrids.com/demos/themes/margo/images/lightbox/prev.html]
[graygrids.com/demos/themes/margo/images/lightbox/next.html]
[graygrids.com/demos/themes/margo/images/lightbox/close.html]
[graygrids.com/demos/themes/margo/images/lightbox/loading@2x.html]
[graygrids.com/demos/themes/margo/images/lightbox/prev@2x.html]
[graygrids.com/demos/themes/margo/images/lightbox/next@2x.html]
[graygrids.com/demos/themes/margo/images/lightbox/close@2x.html]
[graygrids.com/demos/themes/margo/images/icons/grabbing.html]
[graygrids.com/demos/themes/margo/images/icons/ajaxloader.html]
[graygrids.com/demos/themes/margo/php/send.html]
[graygrids.com/demos/themes/margo/php/send.html]
